
Note-[RT_BS] Larger stack needed
  Note: Bumping stack limit from 8192 to 8193 Kbytes.

Chronologic VCS simulator copyright 1991-2017
Contains Synopsys proprietary information.
Compiler version M-2017.03-SP1_Full64; Runtime version M-2017.03-SP1_Full64;  Sep 23 23:08 2026
DAT_CREDIT_DEPTH router=32 nmu_rx=32 nsu_rx=32
Info: "repo/sim/dv/axi-0.39.7/src/axi_test.sv", 2522: axi_test: at time 0 ps
File /home/mingwei/noc_project/nmu-cosim/patterns/data_capacity_recover/read.txt opened successfully as -2147483645
Info: "repo/sim/dv/axi-0.39.7/src/axi_test.sv", 2527: axi_test: at time 0 ps
File /home/mingwei/noc_project/nmu-cosim/patterns/data_capacity_recover/write.txt opened successfully as -2147483644
COVERAGE peak_w=32 peak_r=32 unique_w=1 unique_r=1
STALL b=4096 r=4096 aw=4194 ar=4312
CAPACITY b_full=3880 r_full=0 dat_full=4064 wr_limit=4008 rd_limit=4319
CONCURRENT live=0 w_during_read=0 r_during_write=0
NMU_COSIM_COUNTS writes=64 reads=64 r_beats=512 checked_bytes=32768
$finish called from file "repo/sim/cosim/nmu/tb_nmu_cosim.sv", line 431.
$finish at simulation time             90895000
           V C S   S i m u l a t i o n   R e p o r t 
Time: 90895000 ps
CPU Time:      1.040 seconds;       Data structure size:   0.5Mb
Wed Sep 23 23:09:26 2026
NMU_COSIM_PASS
