make: Warning: File `/home/mingwei/noc_project/nmu-standalone/cosim/build/vcs_wave1_be4f92178ef9/simv' has modification time 45 s in the future
python3 run.py --binary "/home/mingwei/noc_project/nmu-standalone/cosim/build/vcs_wave1_be4f92178ef9/simv" --case "same_id_cross_dst_reorder" --mode "control" --report "/home/mingwei/noc_project/nmu-standalone/cosim/build/report_wave1/control" --wave

Note-[RT_BS] Larger stack needed
  Note: Bumping stack limit from 8192 to 8193 Kbytes.

Chronologic VCS simulator copyright 1991-2017
Contains Synopsys proprietary information.
Compiler version M-2017.03-SP1_Full64; Runtime version M-2017.03-SP1_Full64;  Sep 24 17:51 2026
TX_STORAGE req_bits=4352 dat_bits=40512 context_bits=185
TX_STORAGE_OLD equal_depth_bits=68800 prior_depth_bits=17200
RESPONSE_DELAY enabled=1 west_setting=2
DAT_CREDIT_DEPTH router=32 nmu_rx=32 nsu_rx=32
Info: "repo/sim/dv/axi-0.39.7/src/axi_test.sv", 2522: axi_test: at time 0 ps
File /home/mingwei/noc_project/nmu-standalone/cosim/patterns/control/same_id_cross_dst_reorder/read.txt opened successfully as -2147483645
Info: "repo/sim/dv/axi-0.39.7/src/axi_test.sv", 2527: axi_test: at time 0 ps
File /home/mingwei/noc_project/nmu-standalone/cosim/patterns/control/same_id_cross_dst_reorder/write.txt opened successfully as -2147483644
*Verdi* Loading libsscore_vcs201703.so
FSDB Dumper for VCS, Release Verdi_M-2017.03-SP1, Linux x86_64/64bit, 05/23/2017
(C) 1996 - 2017 by Synopsys, Inc.
*Verdi* : Create FSDB file '/home/mingwei/noc_project/nmu-standalone/cosim/build/report_wave1/control/same_id_cross_dst_reorder.fsdb'
*Verdi* : Begin traversing the scope (tb_nmu_cosim), layer (0).
*Verdi* : Enable +all dumping.
*Verdi* : End of traversing.
DELAY_SAMPLE channel=B cycles=2
INGRESS_ORDER channel=B seq=1 id=0 src=21 tag=0 time=275000
INGRESS_ORDER channel=B seq=0 id=0 src=10 tag=0 time=285000
INGRESS_ORDER channel=B seq=2 id=0 src=12 tag=1 time=295000
DELAY_SAMPLE channel=B cycles=2
INGRESS_ORDER channel=B seq=3 id=0 src=1 tag=2 time=315000
INGRESS_ORDER channel=B seq=4 id=0 src=10 tag=3 time=355000
INGRESS_ORDER channel=B seq=5 id=0 src=21 tag=4 time=365000
INGRESS_ORDER channel=B seq=6 id=0 src=12 tag=5 time=375000
DELAY_SAMPLE channel=B cycles=2
INGRESS_ORDER channel=B seq=7 id=0 src=1 tag=6 time=395000
INGRESS_ORDER channel=B seq=8 id=0 src=10 tag=7 time=435000
INGRESS_ORDER channel=B seq=9 id=0 src=21 tag=8 time=445000
INGRESS_ORDER channel=B seq=10 id=0 src=12 tag=9 time=455000
DELAY_SAMPLE channel=B cycles=2
INGRESS_ORDER channel=B seq=11 id=0 src=1 tag=10 time=475000
INGRESS_ORDER channel=B seq=12 id=0 src=10 tag=11 time=515000
INGRESS_ORDER channel=B seq=13 id=0 src=21 tag=12 time=525000
INGRESS_ORDER channel=B seq=14 id=0 src=12 tag=13 time=535000
INGRESS_ORDER channel=B seq=15 id=0 src=1 tag=14 time=555000
DELAY_SAMPLE channel=R cycles=2
DELAY_SAMPLE channel=R cycles=2
INGRESS_ORDER channel=R seq=1 id=0 src=21 tag=0 time=785000
INGRESS_ORDER channel=R seq=2 id=0 src=12 tag=1 time=795000
INGRESS_ORDER channel=R seq=3 id=0 src=1 tag=2 time=805000
INGRESS_ORDER channel=R seq=0 id=0 src=10 tag=0 time=815000
DELAY_SAMPLE channel=R cycles=2
INGRESS_ORDER channel=R seq=5 id=0 src=21 tag=4 time=825000
INGRESS_ORDER channel=R seq=6 id=0 src=12 tag=5 time=835000
INGRESS_ORDER channel=R seq=7 id=0 src=1 tag=6 time=845000
INGRESS_ORDER channel=R seq=4 id=0 src=10 tag=3 time=855000
DELAY_SAMPLE channel=R cycles=2
INGRESS_ORDER channel=R seq=9 id=0 src=21 tag=8 time=865000
INGRESS_ORDER channel=R seq=10 id=0 src=12 tag=9 time=875000
INGRESS_ORDER channel=R seq=11 id=0 src=1 tag=10 time=885000
INGRESS_ORDER channel=R seq=8 id=0 src=10 tag=7 time=895000
INGRESS_ORDER channel=R seq=13 id=0 src=21 tag=12 time=905000
INGRESS_ORDER channel=R seq=14 id=0 src=12 tag=13 time=915000
INGRESS_ORDER channel=R seq=15 id=0 src=1 tag=14 time=925000
INGRESS_ORDER channel=R seq=12 id=0 src=10 tag=11 time=935000
TX_BUFFER req_peak=1 req_beats=48 dat_beats=0
TX_DAT_BUFFER vc=0 peak=0
TX_DAT_BUFFER vc=1 peak=0
COVERAGE peak_w=16 peak_r=16 unique_w=1 unique_r=1
STALL b=0 r=0 aw=0 ar=0
CAPACITY b_full=0 r_full=0 dat_full=0 wr_limit=0 rd_limit=0
CONCURRENT live=0 w_during_read=0 r_during_write=0
REORDER_COVERAGE b_ooo=1 r_ooo=12 b_same_id=1 r_same_id=12 b_buffered=2 r_buffered=12
DESTINATION port=1 writes=4 reads=4
DESTINATION port=2 writes=4 reads=4
DESTINATION port=3 writes=4 reads=4
DESTINATION port=4 writes=4 reads=4
NMU_COSIM_COUNTS writes=16 reads=16 r_beats=16 checked_bytes=128
$finish called from file "repo/sim/cosim/nmu/tb_nmu_cosim.sv", line 712.
CAPACITY_PERF active_ids=8 per_id=32 cycles=94 wr_id_stall=0 rd_id_stall=0 wr_txn_stall=0 rd_txn_stall=0
$finish at simulation time              1115000
           V C S   S i m u l a t i o n   R e p o r t 
Time: 1115000 ps
CPU Time:      0.490 seconds;       Data structure size:   0.8Mb
Thu Sep 24 17:52:24 2026
NMU_COSIM_PASS

make: warning:  Clock skew detected.  Your build may be incomplete.
