
Note-[RT_BS] Larger stack needed
  Note: Bumping stack limit from 8192 to 8193 Kbytes.

Chronologic VCS simulator copyright 1991-2017
Contains Synopsys proprietary information.
Compiler version M-2017.03-SP1_Full64; Runtime version M-2017.03-SP1_Full64;  Sep 23 23:06 2026
DAT_CREDIT_DEPTH router=32 nmu_rx=32 nsu_rx=32
Info: "repo/sim/dv/axi-0.39.7/src/axi_test.sv", 2522: axi_test: at time 0 ps
File /home/mingwei/noc_project/nmu-cosim/patterns/ctrl_backpressure/read.txt opened successfully as -2147483645
Info: "repo/sim/dv/axi-0.39.7/src/axi_test.sv", 2527: axi_test: at time 0 ps
File /home/mingwei/noc_project/nmu-cosim/patterns/ctrl_backpressure/write.txt opened successfully as -2147483644
COVERAGE peak_w=16 peak_r=16 unique_w=1 unique_r=1
STALL b=4 r=512 aw=0 ar=0
CAPACITY b_full=0 r_full=396 dat_full=0 wr_limit=0 rd_limit=0
CONCURRENT live=0 w_during_read=0 r_during_write=0
NMU_COSIM_COUNTS writes=16 reads=16 r_beats=128 checked_bytes=1024
$finish called from file "repo/sim/cosim/nmu/tb_nmu_cosim.sv", line 431.
$finish at simulation time              8445000
           V C S   S i m u l a t i o n   R e p o r t 
Time: 8445000 ps
CPU Time:      0.390 seconds;       Data structure size:   0.5Mb
Wed Sep 23 23:07:22 2026
NMU_COSIM_PASS
