
Note-[RT_BS] Larger stack needed
  Note: Bumping stack limit from 8192 to 8193 Kbytes.

Chronologic VCS simulator copyright 1991-2017
Contains Synopsys proprietary information.
Compiler version M-2017.03-SP1_Full64; Runtime version M-2017.03-SP1_Full64;  Sep 23 22:11 2026
DAT_CREDIT_DEPTH router=32 nmu_rx=32 nsu_rx=32
Info: "repo/sim/dv/axi-0.39.7/src/axi_test.sv", 2522: axi_test: at time 0 ps
File /home/mingwei/noc_project/nmu-cosim/patterns/data_write_single/read.txt opened successfully as -2147483645
Info: "repo/sim/dv/axi-0.39.7/src/axi_test.sv", 2527: axi_test: at time 0 ps
File /home/mingwei/noc_project/nmu-cosim/patterns/data_write_single/write.txt opened successfully as -2147483644
"repo/sim/dv/axi-0.39.7/src/axi_test.sv", 2141: axi_test::\axi_scoreboard#(32'd3,32'd48,32'd512,32'd58,64'h0000000000000002)::handle_read .unnamed$$_1.unnamed$$_3.unnamed$$_4: started at 567000ps failed at 567000ps
	Offending '(tst_data.size > 0)'
Warning: "repo/sim/dv/axi-0.39.7/src/axi_test.sv", 2142: axi_test.axi_scoreboard#(32'd3,32'd48,32'd512,32'd58,64'h0000000000000002)::handle_read.unnamed$$_1.unnamed$$_3.unnamed$$_4: at time 567000 ps
Unexpected RData ID: 0 
                             Addr:     000000000000 
                             Byte Idx: 000000000000 
                             Exp Data: '{'h0}  
                             Act Data: 01 
                             BeatData: 3f3e3d3c3b3a393837363534333231302f2e2d2c2b2a292827262524232221201f1e1d1c1b1a191817161514131211100f0e0d0c0b0a09080706050403020101
COVERAGE peak_w=1 peak_r=1 unique_w=1 unique_r=1
NMU_COSIM_COUNTS writes=1 reads=1 r_beats=1 checked_bytes=64
$finish called from file "repo/sim/cosim/nmu/tb_nmu_cosim.sv", line 335.
$finish at simulation time               675000
           V C S   S i m u l a t i o n   R e p o r t 
Time: 675000 ps
CPU Time:      0.290 seconds;       Data structure size:   0.5Mb
Wed Sep 23 22:11:43 2026
NMU_COSIM_CORRUPTION_DETECTED
