
Note-[RT_BS] Larger stack needed
  Note: Bumping stack limit from 8192 to 8193 Kbytes.

Chronologic VCS simulator copyright 1991-2017
Contains Synopsys proprietary information.
Compiler version M-2017.03-SP1_Full64; Runtime version M-2017.03-SP1_Full64;  Sep 24 10:41 2026
RESPONSE_DELAY enabled=1 west_setting=2
DAT_CREDIT_DEPTH router=32 nmu_rx=32 nsu_rx=32
Info: "repo/sim/dv/axi-0.39.7/src/axi_test.sv", 2522: axi_test: at time 0 ps
File /home/mingwei/noc_project/nmu-standalone/cosim/patterns/data/same_id_cross_dst_reorder/read.txt opened successfully as -2147483645
Info: "repo/sim/dv/axi-0.39.7/src/axi_test.sv", 2527: axi_test: at time 0 ps
File /home/mingwei/noc_project/nmu-standalone/cosim/patterns/data/same_id_cross_dst_reorder/write.txt opened successfully as -2147483644
DELAY_SAMPLE channel=B cycles=2
INGRESS_ORDER channel=B seq=1 id=0 src=21 tag=0 time=305000
INGRESS_ORDER channel=B seq=0 id=0 src=10 tag=0 time=315000
INGRESS_ORDER channel=B seq=2 id=0 src=12 tag=1 time=325000
DELAY_SAMPLE channel=B cycles=2
INGRESS_ORDER channel=B seq=3 id=0 src=1 tag=2 time=345000
INGRESS_ORDER channel=B seq=4 id=0 src=10 tag=3 time=385000
INGRESS_ORDER channel=B seq=5 id=0 src=21 tag=4 time=395000
INGRESS_ORDER channel=B seq=6 id=0 src=12 tag=5 time=405000
DELAY_SAMPLE channel=B cycles=2
INGRESS_ORDER channel=B seq=7 id=0 src=1 tag=6 time=425000
INGRESS_ORDER channel=B seq=8 id=0 src=10 tag=7 time=465000
INGRESS_ORDER channel=B seq=9 id=0 src=21 tag=8 time=475000
INGRESS_ORDER channel=B seq=10 id=0 src=12 tag=9 time=485000
DELAY_SAMPLE channel=B cycles=2
INGRESS_ORDER channel=B seq=11 id=0 src=1 tag=10 time=505000
INGRESS_ORDER channel=B seq=12 id=0 src=10 tag=11 time=545000
INGRESS_ORDER channel=B seq=13 id=0 src=21 tag=12 time=555000
INGRESS_ORDER channel=B seq=14 id=0 src=12 tag=13 time=565000
INGRESS_ORDER channel=B seq=15 id=0 src=1 tag=14 time=585000
DELAY_SAMPLE channel=R cycles=2
DELAY_SAMPLE channel=R cycles=2
INGRESS_ORDER channel=R seq=1 id=0 src=21 tag=0 time=835000
INGRESS_ORDER channel=R seq=2 id=0 src=12 tag=1 time=845000
DELAY_SAMPLE channel=R cycles=2
INGRESS_ORDER channel=R seq=3 id=0 src=1 tag=2 time=855000
INGRESS_ORDER channel=R seq=0 id=0 src=10 tag=0 time=865000
INGRESS_ORDER channel=R seq=5 id=0 src=21 tag=4 time=875000
INGRESS_ORDER channel=R seq=6 id=0 src=12 tag=5 time=885000
DELAY_SAMPLE channel=R cycles=2
INGRESS_ORDER channel=R seq=7 id=0 src=1 tag=6 time=895000
INGRESS_ORDER channel=R seq=4 id=0 src=10 tag=3 time=905000
INGRESS_ORDER channel=R seq=9 id=0 src=21 tag=8 time=915000
INGRESS_ORDER channel=R seq=10 id=0 src=12 tag=9 time=925000
INGRESS_ORDER channel=R seq=11 id=0 src=1 tag=10 time=935000
INGRESS_ORDER channel=R seq=8 id=0 src=10 tag=7 time=945000
INGRESS_ORDER channel=R seq=13 id=0 src=21 tag=12 time=955000
INGRESS_ORDER channel=R seq=14 id=0 src=12 tag=13 time=965000
INGRESS_ORDER channel=R seq=15 id=0 src=1 tag=14 time=975000
INGRESS_ORDER channel=R seq=12 id=0 src=10 tag=11 time=985000
COVERAGE peak_w=16 peak_r=16 unique_w=1 unique_r=1
STALL b=0 r=0 aw=0 ar=0
CAPACITY b_full=0 r_full=0 dat_full=0 wr_limit=0 rd_limit=0
CONCURRENT live=0 w_during_read=0 r_during_write=0
REORDER_COVERAGE b_ooo=1 r_ooo=12 b_same_id=1 r_same_id=12 b_buffered=2 r_buffered=12
DESTINATION port=1 writes=4 reads=4
DESTINATION port=2 writes=4 reads=4
DESTINATION port=3 writes=4 reads=4
DESTINATION port=4 writes=4 reads=4
NMU_COSIM_COUNTS writes=16 reads=16 r_beats=16 checked_bytes=1024
$finish called from file "repo/sim/cosim/nmu/tb_nmu_cosim.sv", line 660.
$finish at simulation time              1165000
           V C S   S i m u l a t i o n   R e p o r t 
Time: 1165000 ps
CPU Time:      0.330 seconds;       Data structure size:   0.7Mb
Thu Sep 24 10:42:18 2026
NMU_COSIM_PASS
