
Note-[RT_BS] Larger stack needed
  Note: Bumping stack limit from 8192 to 8193 Kbytes.

Chronologic VCS simulator copyright 1991-2017
Contains Synopsys proprietary information.
Compiler version M-2017.03-SP1_Full64; Runtime version M-2017.03-SP1_Full64;  Sep 23 22:13 2026
DAT_CREDIT_DEPTH router=32 nmu_rx=32 nsu_rx=32
Info: "repo/sim/dv/axi-0.39.7/src/axi_test.sv", 2522: axi_test: at time 0 ps
File /home/mingwei/noc_project/nmu-cosim/patterns/data_write_burst/read.txt opened successfully as -2147483645
Info: "repo/sim/dv/axi-0.39.7/src/axi_test.sv", 2527: axi_test: at time 0 ps
File /home/mingwei/noc_project/nmu-cosim/patterns/data_write_burst/write.txt opened successfully as -2147483644
*Verdi* Loading libsscore_vcs201703.so
FSDB Dumper for VCS, Release Verdi_M-2017.03-SP1, Linux x86_64/64bit, 05/23/2017
(C) 1996 - 2017 by Synopsys, Inc.
*Verdi* : Create FSDB file '/home/mingwei/noc_project/nmu-cosim/build/report_wave1/data_write_burst.fsdb'
*Verdi* : Begin traversing the scope (tb_nmu_cosim), layer (0).
*Verdi* : Enable +all dumping.
*Verdi* : End of traversing.
COVERAGE peak_w=12 peak_r=12 unique_w=1 unique_r=1
NMU_COSIM_COUNTS writes=12 reads=12 r_beats=56 checked_bytes=694
$finish called from file "repo/sim/cosim/nmu/tb_nmu_cosim.sv", line 335.
$finish at simulation time              1885000
           V C S   S i m u l a t i o n   R e p o r t 
Time: 1885000 ps
CPU Time:      0.480 seconds;       Data structure size:   0.5Mb
Wed Sep 23 22:13:50 2026
NMU_COSIM_PASS
