#pragma once

#include <cstddef>

namespace ni {

// AXI parameter defaults
constexpr int AXI_ID_WIDTH   = 8;
constexpr int AXI_ADDR_WIDTH = 64;
constexpr int AXI_DATA_WIDTH = 256;

// NoC parameter defaults
constexpr int NOC_NUM_VC                   = 1;
constexpr int NOC_FLIT_WIDTH               = 408;
constexpr int NOC_SLAVE_VC_BUFFER_DEPTH    = 4;
constexpr int NOC_ROUTER_VC_DEPTH          = 4;
constexpr int NOC_ROUTER_OUTPUT_FIFO_DEPTH = 2;
constexpr int NOC_MESH_X_DIM               = 4;
constexpr int NOC_MESH_Y_DIM               = 4;

// Derived parameter defaults
constexpr int AXI_WSTRB_WIDTH = 32;

}  // namespace ni
