COMMAND python3 run.py --binary /home/mingwei/noc_project/nmu-standalone/cosim/build/vcs_wave0_ae0b1ffee639/simv --case cross_id_out_of_order --report /home/mingwei/noc_project/nmu-standalone/cosim/build/four-destination

Note-[RT_BS] Larger stack needed
  Note: Bumping stack limit from 8192 to 8193 Kbytes.

Chronologic VCS simulator copyright 1991-2017
Contains Synopsys proprietary information.
Compiler version M-2017.03-SP1_Full64; Runtime version M-2017.03-SP1_Full64;  Sep 24 11:09 2026
RESPONSE_DELAY enabled=1 west_setting=1
DAT_CREDIT_DEPTH router=32 nmu_rx=32 nsu_rx=32
Info: "repo/sim/dv/axi-0.39.7/src/axi_test.sv", 2522: axi_test: at time 0 ps
File /home/mingwei/noc_project/nmu-standalone/cosim/patterns/cross_id_out_of_order/read.txt opened successfully as -2147483645
Info: "repo/sim/dv/axi-0.39.7/src/axi_test.sv", 2527: axi_test: at time 0 ps
File /home/mingwei/noc_project/nmu-standalone/cosim/patterns/cross_id_out_of_order/write.txt opened successfully as -2147483644
DELAY_SAMPLE channel=B cycles=1
INGRESS_ORDER channel=B seq=0 id=0 src=10 tag=0 time=275000
INGRESS_ORDER channel=B seq=1 id=1 src=21 tag=0 time=285000
DELAY_SAMPLE channel=B cycles=1
INGRESS_ORDER channel=B seq=2 id=2 src=12 tag=0 time=305000
INGRESS_ORDER channel=B seq=3 id=3 src=1 tag=0 time=325000
INGRESS_ORDER channel=B seq=4 id=4 src=10 tag=0 time=355000
INGRESS_ORDER channel=B seq=5 id=5 src=21 tag=0 time=365000
DELAY_SAMPLE channel=B cycles=1
INGRESS_ORDER channel=B seq=6 id=6 src=12 tag=0 time=385000
INGRESS_ORDER channel=B seq=7 id=7 src=1 tag=0 time=405000
INGRESS_ORDER channel=B seq=8 id=0 src=10 tag=0 time=435000
INGRESS_ORDER channel=B seq=9 id=1 src=21 tag=0 time=445000
DELAY_SAMPLE channel=B cycles=1
INGRESS_ORDER channel=B seq=10 id=2 src=12 tag=0 time=465000
INGRESS_ORDER channel=B seq=11 id=3 src=1 tag=0 time=485000
INGRESS_ORDER channel=B seq=12 id=4 src=10 tag=0 time=515000
INGRESS_ORDER channel=B seq=13 id=5 src=21 tag=0 time=525000
INGRESS_ORDER channel=B seq=14 id=6 src=12 tag=0 time=545000
INGRESS_ORDER channel=B seq=15 id=7 src=1 tag=0 time=565000
DELAY_SAMPLE channel=R cycles=1
DELAY_SAMPLE channel=R cycles=1
INGRESS_ORDER channel=R seq=0 id=0 src=10 tag=0 time=795000
INGRESS_ORDER channel=R seq=1 id=1 src=21 tag=0 time=805000
INGRESS_ORDER channel=R seq=2 id=2 src=12 tag=0 time=815000
DELAY_SAMPLE channel=R cycles=1
INGRESS_ORDER channel=R seq=3 id=3 src=1 tag=0 time=825000
INGRESS_ORDER channel=R seq=4 id=4 src=10 tag=0 time=835000
INGRESS_ORDER channel=R seq=5 id=5 src=21 tag=0 time=845000
INGRESS_ORDER channel=R seq=6 id=6 src=12 tag=0 time=855000
DELAY_SAMPLE channel=R cycles=1
INGRESS_ORDER channel=R seq=7 id=7 src=1 tag=0 time=865000
INGRESS_ORDER channel=R seq=8 id=0 src=10 tag=0 time=875000
INGRESS_ORDER channel=R seq=9 id=1 src=21 tag=0 time=885000
INGRESS_ORDER channel=R seq=10 id=2 src=12 tag=0 time=895000
INGRESS_ORDER channel=R seq=11 id=3 src=1 tag=0 time=905000
INGRESS_ORDER channel=R seq=12 id=4 src=10 tag=0 time=915000
INGRESS_ORDER channel=R seq=13 id=5 src=21 tag=0 time=925000
INGRESS_ORDER channel=R seq=14 id=6 src=12 tag=0 time=935000
INGRESS_ORDER channel=R seq=15 id=7 src=1 tag=0 time=945000
COVERAGE peak_w=16 peak_r=16 unique_w=8 unique_r=8
STALL b=0 r=0 aw=0 ar=0
CAPACITY b_full=0 r_full=0 dat_full=0 wr_limit=0 rd_limit=0
CONCURRENT live=0 w_during_read=0 r_during_write=0
REORDER_COVERAGE b_ooo=0 r_ooo=0 b_same_id=0 r_same_id=0 b_buffered=0 r_buffered=0
DESTINATION port=1 writes=4 reads=4
DESTINATION port=2 writes=4 reads=4
DESTINATION port=3 writes=4 reads=4
DESTINATION port=4 writes=4 reads=4
Fatal: "repo/sim/cosim/nmu/tb_nmu_cosim.sv", 635: tb_nmu_cosim: at time 1095000 ps
Required response disorder was not reached
$finish called from file "repo/sim/cosim/nmu/tb_nmu_cosim.sv", line 635.
$finish at simulation time              1095000
           V C S   S i m u l a t i o n   R e p o r t 
Time: 1095000 ps

Co-simulation acceptance failed
