python3 run.py --binary "/home/mingwei/noc_project/nmu-standalone/cosim/build/vcs_wave0_29d69f224ebd/simv" --case "same_id_cross_dst_reorder" --mode "rand" --report "/home/mingwei/noc_project/nmu-standalone/cosim/build/report_wave0/rand" 

Note-[RT_BS] Larger stack needed
  Note: Bumping stack limit from 8192 to 8193 Kbytes.

Chronologic VCS simulator copyright 1991-2017
Contains Synopsys proprietary information.
Compiler version M-2017.03-SP1_Full64; Runtime version M-2017.03-SP1_Full64;  Sep 24 10:32 2026
RESPONSE_DELAY enabled=1 west_setting=0
DAT_CREDIT_DEPTH router=32 nmu_rx=32 nsu_rx=32
Info: "repo/sim/dv/axi-0.39.7/src/axi_test.sv", 2522: axi_test: at time 0 ps
File /home/mingwei/noc_project/nmu-standalone/cosim/patterns/rand/same_id_cross_dst_reorder/read.txt opened successfully as -2147483645
Info: "repo/sim/dv/axi-0.39.7/src/axi_test.sv", 2527: axi_test: at time 0 ps
File /home/mingwei/noc_project/nmu-standalone/cosim/patterns/rand/same_id_cross_dst_reorder/write.txt opened successfully as -2147483644
DELAY_SAMPLE channel=B cycles=0
INGRESS_ORDER channel=B seq=0 id=0 src=10 tag=0 time=265000
INGRESS_ORDER channel=B seq=1 id=0 src=21 tag=0 time=295000
INGRESS_ORDER channel=B seq=2 id=0 src=12 tag=1 time=345000
DELAY_SAMPLE channel=B cycles=0
INGRESS_ORDER channel=B seq=3 id=0 src=1 tag=2 time=435000
INGRESS_ORDER channel=B seq=4 id=0 src=10 tag=3 time=455000
INGRESS_ORDER channel=B seq=5 id=0 src=21 tag=4 time=465000
INGRESS_ORDER channel=B seq=6 id=0 src=12 tag=5 time=505000
DELAY_SAMPLE channel=B cycles=0
INGRESS_ORDER channel=B seq=7 id=0 src=1 tag=6 time=555000
INGRESS_ORDER channel=B seq=8 id=0 src=10 tag=7 time=585000
INGRESS_ORDER channel=B seq=9 id=0 src=21 tag=8 time=615000
DELAY_SAMPLE channel=B cycles=0
INGRESS_ORDER channel=B seq=10 id=0 src=12 tag=9 time=665000
INGRESS_ORDER channel=B seq=12 id=0 src=10 tag=11 time=715000
INGRESS_ORDER channel=B seq=11 id=0 src=1 tag=10 time=755000
INGRESS_ORDER channel=B seq=13 id=0 src=21 tag=12 time=785000
INGRESS_ORDER channel=B seq=14 id=0 src=12 tag=13 time=835000
INGRESS_ORDER channel=B seq=15 id=0 src=1 tag=14 time=855000
DELAY_SAMPLE channel=R cycles=0
DELAY_SAMPLE channel=R cycles=0
INGRESS_ORDER channel=R seq=0 id=0 src=10 tag=0 time=1075000
DELAY_SAMPLE channel=R cycles=0
INGRESS_ORDER channel=R seq=4 id=0 src=10 tag=14 time=1115000
INGRESS_ORDER channel=R seq=1 id=0 src=21 tag=0 time=1125000
DELAY_SAMPLE channel=R cycles=0
INGRESS_ORDER channel=R seq=5 id=0 src=21 tag=15 time=1165000
INGRESS_ORDER channel=R seq=2 id=0 src=12 tag=2 time=1175000
INGRESS_ORDER channel=R seq=8 id=0 src=10 tag=29 time=1185000
INGRESS_ORDER channel=R seq=12 id=0 src=10 tag=44 time=1195000
INGRESS_ORDER channel=R seq=9 id=0 src=21 tag=30 time=1215000
INGRESS_ORDER channel=R seq=6 id=0 src=12 tag=17 time=1225000
INGRESS_ORDER channel=R seq=3 id=0 src=1 tag=6 time=1235000
INGRESS_ORDER channel=R seq=13 id=0 src=21 tag=45 time=1255000
INGRESS_ORDER channel=R seq=10 id=0 src=12 tag=32 time=1295000
INGRESS_ORDER channel=R seq=7 id=0 src=1 tag=21 time=1315000
INGRESS_ORDER channel=R seq=14 id=0 src=12 tag=47 time=1375000
INGRESS_ORDER channel=R seq=11 id=0 src=1 tag=36 time=1405000
INGRESS_ORDER channel=R seq=15 id=0 src=1 tag=51 time=1415000
COVERAGE peak_w=16 peak_r=16 unique_w=1 unique_r=1
STALL b=0 r=0 aw=0 ar=0
CAPACITY b_full=0 r_full=0 dat_full=0 wr_limit=0 rd_limit=0
CONCURRENT live=0 w_during_read=0 r_during_write=0
REORDER_COVERAGE b_ooo=1 r_ooo=9 b_same_id=1 r_same_id=9 b_buffered=1 r_buffered=46
DESTINATION port=1 writes=4 reads=4
DESTINATION port=2 writes=4 reads=4
DESTINATION port=3 writes=4 reads=4
DESTINATION port=4 writes=4 reads=4
NMU_COSIM_COUNTS writes=16 reads=16 r_beats=60 checked_bytes=822
$finish called from file "repo/sim/cosim/nmu/tb_nmu_cosim.sv", line 643.
$finish at simulation time              1965000
           V C S   S i m u l a t i o n   R e p o r t 
Time: 1965000 ps
CPU Time:      0.340 seconds;       Data structure size:   0.6Mb
Thu Sep 24 10:32:55 2026
NMU_COSIM_PASS

